0
Napiš číslo:
výsledný znak je:
B
Napiš znak:
výsledné číslo je:
97
