0
Zadej Retezec k inverznuti
VÃ½sledek:
.mehsalskcab \ s tset jum ej elhoT

zkusim malou upravu:
Amehsalskcab \ s tset jum ej elhoT
